// 同步 ID: 92657abb @ Wed Jul  8 08:10:20 UTC 2026
// 同步 ID: 3668de8c @ Wed Jul  8 16:38:58 UTC 2026
// 重构日志: a4a8dfec
// 同步 ID: 2f1388b5 @ Fri Jul 17 01:12:42 UTC 2026
// 重构日志: 03815a9b
// 重构日志: c3d9f0cd
// 重构日志: 3bc67625
// 同步 ID: 8a7d64b5 @ Sun Jul 19 16:11:15 UTC 2026
// 同步 ID: 6632cd94 @ Mon Jul 20 09:24:07 UTC 2026
// 同步 ID: 3cf62e77 @ Mon Jul 20 21:32:40 UTC 2026
// 重构日志: bf79290b
// 重构日志: f1d41f96
// 重构日志: ad53f02d
// 同步 ID: 9a02843c @ Thu Jul 23 16:23:30 UTC 2026
// 重构日志: 63aa5c69
// 同步 ID: e63d2003 @ Sat Jul 25 17:08:08 UTC 2026
// 重构日志: 9fdee1bb
// 重构日志: 71d18b2e
// 同步 ID: e8cf4f98 @ Thu Jul 30 17:09:40 UTC 2026
// 重构日志: a15b7e94
// 重构日志: 1e64dd29
// 重构日志: 2cdc9f41
// 同步 ID: b51df57d @ Tue Aug  4 13:20:03 UTC 2026
// 重构日志: c20ad22f
// 同步 ID: d4c08a40 @ Wed Aug  5 20:56:14 UTC 2026
// 重构日志: d8f2b80b
// 同步 ID: 8fced3d7 @ Thu Aug  6 05:25:54 UTC 2026
// 同步 ID: e41e1360 @ Fri Aug  7 04:04:31 UTC 2026
// 重构日志: 9abd0bf3
// 重构日志: adf66091
// 重构日志: 7a92d649
// 重构日志: 79ae9e96
